// Vitest Snapshot v1, https://vitest.dev/guide/snapshot.html

exports[`Mode ombre — les branches que le catalogue n'exerce pas > les cinq terrains synthétiques rendent exactement cet état 1`] = `
{
  "SYNTH_MIXTE": {
    "ennemi": [
      "enemy:ARCH_001 · atq 20 · pv 200/200 · por 3 · vit 50/40t · dep 50/40t · bcl 0",
      "enemy:ARCH_002 · atq 30 · pv 200/200 · por 3 · vit 50/40t · dep 50/40t · bcl 25",
      "enemy:ARCH_003 · atq 20 · pv 200/200 · por 3 · vit 50/40t · dep 50/40t · bcl 0",
      "enemy:ARCH_006 · atq 20 · pv 200/200 · por 3 · vit 50/40t · dep 50/40t · bcl 0",
      "enemy:ARCH_019 · atq 20 · pv 200/200 · por 3 · vit 50/40t · dep 50/40t · bcl 0",
      "enemy:ARCH_021 · atq 20 · pv 200/200 · por 3 · vit 50/40t · dep 50/40t · bcl 0",
      "enemy:ARCH_023 · atq 20 · pv 200/200 · por 3 · vit 50/40t · dep 50/40t · bcl 0",
      "enemy:ARCH_025 · atq 20 · pv 200/200 · por 3 · vit 50/40t · dep 50/40t · bcl 0",
      "enemy:ARCH_028 · atq 20 · pv 200/200 · por 3 · vit 50/40t · dep 50/40t · bcl 0",
      "enemy:ARCH_029 · atq 20 · pv 200/200 · por 3 · vit 50/40t · dep 50/40t · bcl 0",
      "enemy:ARCH_030 · atq 20 · pv 200/200 · por 3 · vit 50/40t · dep 50/40t · bcl 0",
      "enemy:ARCH_033 · atq 20 · pv 200/200 · por 3 · vit 50/40t · dep 50/40t · bcl 0",
      "enemy:ARCH_034 · atq 20 · pv 200/200 · por 3 · vit 50/40t · dep 50/40t · bcl 0",
      "enemy:ARCH_035 · atq 20 · pv 200/200 · por 3 · vit 50/40t · dep 50/40t · bcl 0",
      "enemy:ARCH_041 · atq 20 · pv 200/200 · por 3 · vit 50/40t · dep 50/40t · bcl 0",
      "enemy:ARCH_045 · atq 20 · pv 200/200 · por 3 · vit 50/40t · dep 50/40t · bcl 0",
      "enemy:ARCH_048 · atq 20 · pv 200/200 · por 3 · vit 50/40t · dep 50/40t · bcl 0",
      "enemy:ARCH_049 · atq 20 · pv 200/200 · por 3 · vit 50/40t · dep 50/40t · bcl 0",
      "enemy:ARCH_050 · atq 20 · pv 200/200 · por 3 · vit 50/40t · dep 50/40t · bcl 0",
      "enemy:ARCH_051 · atq 20 · pv 200/200 · por 3 · vit 50/40t · dep 50/40t · bcl 0",
      "enemy:ARCH_052 · atq 20 · pv 200/200 · por 3 · vit 50/40t · dep 50/40t · bcl 0",
      "enemy:ARCH_053 · atq 20 · pv 200/200 · por 3 · vit 50/40t · dep 50/40t · bcl 0",
      "enemy:ARCH_054 · atq 20 · pv 200/200 · por 3 · vit 50/40t · dep 50/40t · bcl 0",
      "enemy:ARCH_058 · atq 20 · pv 200/200 · por 3 · vit 50/40t · dep 50/40t · bcl 0",
      "enemy:ARCH_061 · atq 20 · pv 200/200 · por 3 · vit 50/40t · dep 50/40t · bcl 0",
      "enemy:ARCH_086 · atq 20 · pv 200/200 · por 3 · vit 50/40t · dep 50/40t · bcl 0",
      "enemy:ARCH_087 · atq 20 · pv 200/200 · por 3 · vit 50/40t · dep 50/40t · bcl 0",
      "enemy:ARCH_088 · atq 20 · pv 200/200 · por 3 · vit 50/40t · dep 50/40t · bcl 0",
      "enemy:ARCH_089 · atq 20 · pv 200/200 · por 3 · vit 50/40t · dep 50/40t · bcl 0",
      "enemy:ARCH_090 · atq 20 · pv 200/200 · por 3 · vit 50/40t · dep 50/40t · bcl 0",
      "enemy:aucun · atq 20 · pv 200/200 · por 3 · vit 50/40t · dep 50/40t · bcl 0",
    ],
    "joueur": [
      "player:ARCH_001 · atq 20 · pv 200/200 · por 3 · vit 50/40t · dep 50/40t · bcl 0",
      "player:ARCH_002 · atq 30 · pv 200/200 · por 3 · vit 50/40t · dep 50/40t · bcl 25",
      "player:ARCH_003 · atq 20 · pv 200/200 · por 3 · vit 50/40t · dep 50/40t · bcl 0",
      "player:ARCH_006 · atq 20 · pv 200/200 · por 3 · vit 50/40t · dep 50/40t · bcl 0",
      "player:ARCH_019 · atq 20 · pv 200/200 · por 3 · vit 50/40t · dep 50/40t · bcl 0",
      "player:ARCH_021 · atq 20 · pv 200/200 · por 3 · vit 50/40t · dep 50/40t · bcl 0",
      "player:ARCH_023 · atq 20 · pv 200/200 · por 3 · vit 50/40t · dep 50/40t · bcl 0",
      "player:ARCH_025 · atq 20 · pv 200/200 · por 3 · vit 50/40t · dep 50/40t · bcl 0",
      "player:ARCH_028 · atq 20 · pv 200/200 · por 3 · vit 50/40t · dep 50/40t · bcl 0",
      "player:ARCH_029 · atq 20 · pv 200/200 · por 3 · vit 50/40t · dep 50/40t · bcl 0",
      "player:ARCH_030 · atq 20 · pv 200/200 · por 3 · vit 50/40t · dep 50/40t · bcl 0",
      "player:ARCH_033 · atq 20 · pv 200/200 · por 3 · vit 50/40t · dep 50/40t · bcl 0",
      "player:ARCH_034 · atq 20 · pv 200/200 · por 3 · vit 50/40t · dep 50/40t · bcl 0",
      "player:ARCH_035 · atq 20 · pv 200/200 · por 3 · vit 50/40t · dep 50/40t · bcl 0",
      "player:ARCH_041 · atq 20 · pv 200/200 · por 3 · vit 50/40t · dep 50/40t · bcl 0",
      "player:ARCH_045 · atq 20 · pv 200/200 · por 3 · vit 50/40t · dep 50/40t · bcl 0",
      "player:ARCH_048 · atq 20 · pv 200/200 · por 3 · vit 50/40t · dep 50/40t · bcl 0",
      "player:ARCH_049 · atq 20 · pv 200/200 · por 3 · vit 50/40t · dep 50/40t · bcl 0",
      "player:ARCH_050 · atq 20 · pv 200/200 · por 3 · vit 50/40t · dep 50/40t · bcl 0",
      "player:ARCH_051 · atq 20 · pv 200/200 · por 3 · vit 50/40t · dep 50/40t · bcl 0",
      "player:ARCH_052 · atq 20 · pv 200/200 · por 3 · vit 50/40t · dep 50/40t · bcl 0",
      "player:ARCH_053 · atq 20 · pv 200/200 · por 3 · vit 50/40t · dep 50/40t · bcl 0",
      "player:ARCH_054 · atq 20 · pv 200/200 · por 3 · vit 50/40t · dep 50/40t · bcl 0",
      "player:ARCH_058 · atq 20 · pv 200/200 · por 3 · vit 50/40t · dep 50/40t · bcl 0",
      "player:ARCH_061 · atq 20 · pv 200/200 · por 3 · vit 50/40t · dep 50/40t · bcl 0",
      "player:ARCH_086 · atq 20 · pv 200/200 · por 3 · vit 50/40t · dep 50/40t · bcl 0",
      "player:ARCH_087 · atq 20 · pv 200/200 · por 3 · vit 50/40t · dep 50/40t · bcl 0",
      "player:ARCH_088 · atq 20 · pv 200/200 · por 3 · vit 50/40t · dep 50/40t · bcl 0",
      "player:ARCH_089 · atq 20 · pv 200/200 · por 3 · vit 50/40t · dep 50/40t · bcl 0",
      "player:ARCH_090 · atq 20 · pv 200/200 · por 3 · vit 50/40t · dep 50/40t · bcl 0",
      "player:aucun · atq 20 · pv 200/200 · por 3 · vit 50/40t · dep 50/40t · bcl 0",
    ],
    "pioches": 1,
    "sources": [
      "terrain:SYNTH_MIXTE:1",
    ],
  },
  "SYNTH_MULT": {
    "ennemi": [
      "enemy:ARCH_001 · atq 20 · pv 200/200 · por 3 · vit 50/40t · dep 50/40t · bcl 0",
    ],
    "joueur": [
      "player:ARCH_001 · atq 20 · pv 200/200 · por 3 · vit 50/40t · dep 50/40t · bcl 0",
    ],
    "pioches": 0,
    "sources": [],
  },
  "SYNTH_MULT2": {
    "ennemi": [
      "enemy:ARCH_001 · atq 20 · pv 300/300 · por 3 · vit 50/40t · dep 50/40t · bcl 0",
    ],
    "joueur": [
      "player:ARCH_001 · atq 20 · pv 300/300 · por 3 · vit 50/40t · dep 50/40t · bcl 0",
    ],
    "pioches": 0,
    "sources": [],
  },
  "SYNTH_MULT_ATQ": {
    "ennemi": [
      "enemy:ARCH_001 · atq 60 · pv 100/100 · por 3 · vit 50/40t · dep 50/40t · bcl 0",
      "enemy:ARCH_002 · atq 60 · pv 100/100 · por 3 · vit 50/40t · dep 50/40t · bcl 0",
      "enemy:ARCH_003 · atq 60 · pv 100/100 · por 3 · vit 50/40t · dep 50/40t · bcl 0",
      "enemy:ARCH_006 · atq 60 · pv 100/100 · por 3 · vit 50/40t · dep 50/40t · bcl 0",
      "enemy:ARCH_019 · atq 60 · pv 100/100 · por 3 · vit 50/40t · dep 50/40t · bcl 0",
      "enemy:ARCH_021 · atq 60 · pv 100/100 · por 3 · vit 50/40t · dep 50/40t · bcl 0",
      "enemy:ARCH_023 · atq 60 · pv 100/100 · por 3 · vit 50/40t · dep 50/40t · bcl 0",
      "enemy:ARCH_025 · atq 60 · pv 100/100 · por 3 · vit 50/40t · dep 50/40t · bcl 0",
      "enemy:ARCH_028 · atq 60 · pv 100/100 · por 3 · vit 50/40t · dep 50/40t · bcl 0",
      "enemy:ARCH_029 · atq 60 · pv 100/100 · por 3 · vit 50/40t · dep 50/40t · bcl 0",
      "enemy:ARCH_030 · atq 60 · pv 100/100 · por 3 · vit 50/40t · dep 50/40t · bcl 0",
      "enemy:ARCH_033 · atq 60 · pv 100/100 · por 3 · vit 50/40t · dep 50/40t · bcl 0",
      "enemy:ARCH_034 · atq 60 · pv 100/100 · por 3 · vit 50/40t · dep 50/40t · bcl 0",
      "enemy:ARCH_035 · atq 60 · pv 100/100 · por 3 · vit 50/40t · dep 50/40t · bcl 0",
      "enemy:ARCH_041 · atq 60 · pv 100/100 · por 3 · vit 50/40t · dep 50/40t · bcl 0",
      "enemy:ARCH_045 · atq 60 · pv 100/100 · por 3 · vit 50/40t · dep 50/40t · bcl 0",
      "enemy:ARCH_048 · atq 60 · pv 100/100 · por 3 · vit 50/40t · dep 50/40t · bcl 0",
      "enemy:ARCH_049 · atq 60 · pv 100/100 · por 3 · vit 50/40t · dep 50/40t · bcl 0",
      "enemy:ARCH_050 · atq 60 · pv 100/100 · por 3 · vit 50/40t · dep 50/40t · bcl 0",
      "enemy:ARCH_051 · atq 60 · pv 100/100 · por 3 · vit 50/40t · dep 50/40t · bcl 0",
      "enemy:ARCH_052 · atq 60 · pv 100/100 · por 3 · vit 50/40t · dep 50/40t · bcl 0",
      "enemy:ARCH_053 · atq 60 · pv 100/100 · por 3 · vit 50/40t · dep 50/40t · bcl 0",
      "enemy:ARCH_054 · atq 60 · pv 100/100 · por 3 · vit 50/40t · dep 50/40t · bcl 0",
      "enemy:ARCH_058 · atq 60 · pv 100/100 · por 3 · vit 50/40t · dep 50/40t · bcl 0",
      "enemy:ARCH_061 · atq 60 · pv 100/100 · por 3 · vit 50/40t · dep 50/40t · bcl 0",
      "enemy:ARCH_086 · atq 60 · pv 100/100 · por 3 · vit 50/40t · dep 50/40t · bcl 0",
      "enemy:ARCH_087 · atq 60 · pv 100/100 · por 3 · vit 50/40t · dep 50/40t · bcl 0",
      "enemy:ARCH_088 · atq 60 · pv 100/100 · por 3 · vit 50/40t · dep 50/40t · bcl 0",
      "enemy:ARCH_089 · atq 60 · pv 100/100 · por 3 · vit 50/40t · dep 50/40t · bcl 0",
      "enemy:ARCH_090 · atq 60 · pv 100/100 · por 3 · vit 50/40t · dep 50/40t · bcl 0",
      "enemy:aucun · atq 60 · pv 100/100 · por 3 · vit 50/40t · dep 50/40t · bcl 0",
    ],
    "joueur": [
      "player:ARCH_001 · atq 60 · pv 100/100 · por 3 · vit 50/40t · dep 50/40t · bcl 0",
      "player:ARCH_002 · atq 60 · pv 100/100 · por 3 · vit 50/40t · dep 50/40t · bcl 0",
      "player:ARCH_003 · atq 60 · pv 100/100 · por 3 · vit 50/40t · dep 50/40t · bcl 0",
      "player:ARCH_006 · atq 60 · pv 100/100 · por 3 · vit 50/40t · dep 50/40t · bcl 0",
      "player:ARCH_019 · atq 60 · pv 100/100 · por 3 · vit 50/40t · dep 50/40t · bcl 0",
      "player:ARCH_021 · atq 60 · pv 100/100 · por 3 · vit 50/40t · dep 50/40t · bcl 0",
      "player:ARCH_023 · atq 60 · pv 100/100 · por 3 · vit 50/40t · dep 50/40t · bcl 0",
      "player:ARCH_025 · atq 60 · pv 100/100 · por 3 · vit 50/40t · dep 50/40t · bcl 0",
      "player:ARCH_028 · atq 60 · pv 100/100 · por 3 · vit 50/40t · dep 50/40t · bcl 0",
      "player:ARCH_029 · atq 60 · pv 100/100 · por 3 · vit 50/40t · dep 50/40t · bcl 0",
      "player:ARCH_030 · atq 60 · pv 100/100 · por 3 · vit 50/40t · dep 50/40t · bcl 0",
      "player:ARCH_033 · atq 60 · pv 100/100 · por 3 · vit 50/40t · dep 50/40t · bcl 0",
      "player:ARCH_034 · atq 60 · pv 100/100 · por 3 · vit 50/40t · dep 50/40t · bcl 0",
      "player:ARCH_035 · atq 60 · pv 100/100 · por 3 · vit 50/40t · dep 50/40t · bcl 0",
      "player:ARCH_041 · atq 60 · pv 100/100 · por 3 · vit 50/40t · dep 50/40t · bcl 0",
      "player:ARCH_045 · atq 60 · pv 100/100 · por 3 · vit 50/40t · dep 50/40t · bcl 0",
      "player:ARCH_048 · atq 60 · pv 100/100 · por 3 · vit 50/40t · dep 50/40t · bcl 0",
      "player:ARCH_049 · atq 60 · pv 100/100 · por 3 · vit 50/40t · dep 50/40t · bcl 0",
      "player:ARCH_050 · atq 60 · pv 100/100 · por 3 · vit 50/40t · dep 50/40t · bcl 0",
      "player:ARCH_051 · atq 60 · pv 100/100 · por 3 · vit 50/40t · dep 50/40t · bcl 0",
      "player:ARCH_052 · atq 60 · pv 100/100 · por 3 · vit 50/40t · dep 50/40t · bcl 0",
      "player:ARCH_053 · atq 60 · pv 100/100 · por 3 · vit 50/40t · dep 50/40t · bcl 0",
      "player:ARCH_054 · atq 60 · pv 100/100 · por 3 · vit 50/40t · dep 50/40t · bcl 0",
      "player:ARCH_058 · atq 60 · pv 100/100 · por 3 · vit 50/40t · dep 50/40t · bcl 0",
      "player:ARCH_061 · atq 60 · pv 100/100 · por 3 · vit 50/40t · dep 50/40t · bcl 0",
      "player:ARCH_086 · atq 60 · pv 100/100 · por 3 · vit 50/40t · dep 50/40t · bcl 0",
      "player:ARCH_087 · atq 60 · pv 100/100 · por 3 · vit 50/40t · dep 50/40t · bcl 0",
      "player:ARCH_088 · atq 60 · pv 100/100 · por 3 · vit 50/40t · dep 50/40t · bcl 0",
      "player:ARCH_089 · atq 60 · pv 100/100 · por 3 · vit 50/40t · dep 50/40t · bcl 0",
      "player:ARCH_090 · atq 60 · pv 100/100 · por 3 · vit 50/40t · dep 50/40t · bcl 0",
      "player:aucun · atq 60 · pv 100/100 · por 3 · vit 50/40t · dep 50/40t · bcl 0",
    ],
    "pioches": 0,
    "sources": [],
  },
  "SYNTH_PIOCHE": {
    "ennemi": [],
    "joueur": [],
    "pioches": 2,
    "sources": [
      "terrain:SYNTH_PIOCHE:2",
    ],
  },
}
`;
