// Vitest Snapshot v1, https://vitest.dev/guide/snapshot.html

exports[`Magies livrées — l'oracle de l'étape 0 > ce que chacune des 51 magies fait, figé 1`] = `
[
  {
    "change": {
      "pioches": "0 → 2",
    },
    "cible": "—",
    "contrecoup": 0,
    "effet": "draw_bonus · 2",
    "famille": "globale",
    "id": "MAGIC_001",
    "nom": "Pot de Cupidité",
  },
  {
    "change": {
      "board": "["DECK_T1 · 0,0 · pv 50/100 · atq 10 · dep 50 · vit 50 · por 2 · bcl 0 · pouvoir —:—:—:—","DECK_POUVOIR · 1,0 · pv 100/200 · atq 20 · dep 50 · vit 50 · por 3 · bcl 0 · pouvoir POWER_HEAL:40:—:—","DECK_FUSION · 2,0 · pv 150/300 · atq 40 · dep 50 · vit 50 · por 1 · bcl 0 · pouvoir —:—:—:—"] → ["DECK_T1 · 0,0 · pv 50/100 · atq 15 · dep 50 · vit 50 · por 2 · bcl 0 · pouvoir —:—:—:—","DECK_POUVOIR · 1,0 · pv 100/200 · atq 25 · dep 50 · vit 50 · por 3 · bcl 0 · pouvoir POWER_HEAL:40:—:—","DECK_FUSION · 2,0 · pv 150/300 · atq 45 · dep 50 · vit 50 · por 1 · bcl 0 · pouvoir —:—:—:—"]",
    },
    "cible": "—",
    "contrecoup": 0,
    "effet": "team_stat_bonus · atk · 5",
    "famille": "globale",
    "id": "MAGIC_002",
    "nom": "Renforcement",
  },
  {
    "change": {
      "board": "["DECK_T1 · 0,0 · pv 50/100 · atq 10 · dep 50 · vit 50 · por 2 · bcl 0 · pouvoir —:—:—:—","DECK_POUVOIR · 1,0 · pv 100/200 · atq 20 · dep 50 · vit 50 · por 3 · bcl 0 · pouvoir POWER_HEAL:40:—:—","DECK_FUSION · 2,0 · pv 150/300 · atq 40 · dep 50 · vit 50 · por 1 · bcl 0 · pouvoir —:—:—:—"] → ["DECK_T1 · 0,0 · pv 50/100 · atq 10 · dep 50 · vit 50 · por 2 · bcl 0 · pouvoir —:—:—:—","DECK_POUVOIR · 1,0 · pv 100/200 · atq 20 · dep 50 · vit 50 · por 3 · bcl 0 · pouvoir POWER_HEAL:40:—:—","DECK_FUSION · 2,0 · pv 150/300 · atq 40 · dep 50 · vit 50 · por 1 · bcl 0 · pouvoir —:—:—:—","DECK_T2 · 3,0 · pv 200/200 · atq 20 · dep 50 · vit 50 · por 2 · bcl 0 · pouvoir —:—:—:—"]",
      "cimetiere": "["DECK_T2 · — · pv 0/200 · atq 20 · dep 50 · vit 50 · por 2 · bcl 0 · pouvoir —:—:—:—"] → []",
    },
    "cible": "DECK_T2",
    "contrecoup": 0,
    "effet": "revive · 100",
    "famille": "cimetière",
    "id": "MAGIC_003",
    "nom": "Monster Reborn",
  },
  {
    "change": {
      "board": "["DECK_T1 · 0,0 · pv 50/100 · atq 10 · dep 50 · vit 50 · por 2 · bcl 0 · pouvoir —:—:—:—","DECK_POUVOIR · 1,0 · pv 100/200 · atq 20 · dep 50 · vit 50 · por 3 · bcl 0 · pouvoir POWER_HEAL:40:—:—","DECK_FUSION · 2,0 · pv 150/300 · atq 40 · dep 50 · vit 50 · por 1 · bcl 0 · pouvoir —:—:—:—"] → ["DECK_T1 · 0,0 · pv 50/100 · atq 10 · dep 50 · vit 50 · por 2 · bcl 40 · pouvoir —:—:—:—","DECK_POUVOIR · 1,0 · pv 100/200 · atq 20 · dep 50 · vit 50 · por 3 · bcl 0 · pouvoir POWER_HEAL:40:—:—","DECK_FUSION · 2,0 · pv 150/300 · atq 40 · dep 50 · vit 50 · por 1 · bcl 0 · pouvoir —:—:—:—"]",
    },
    "cible": "DECK_T1",
    "contrecoup": 0,
    "effet": "shield · 40",
    "famille": "unité",
    "id": "MAGIC_004",
    "nom": "Enceinte de château",
  },
  {
    "change": {
      "pv_joueur": "700 → 900",
    },
    "cible": "—",
    "contrecoup": 0,
    "effet": "player_hp_bonus · 200",
    "famille": "globale",
    "id": "MAGIC_005",
    "nom": "Médicament rouge",
  },
  {
    "change": {
      "garanties": "[] → ["—:ARCH_091:—"]",
    },
    "cible": "—",
    "contrecoup": 0,
    "effet": "guaranteed_draw · ARCH_091",
    "famille": "globale",
    "id": "MAGIC_006",
    "nom": "Renfort de l’armée",
  },
  {
    "change": {
      "garanties": "[] → ["—:ARCH_095:—"]",
    },
    "cible": "—",
    "contrecoup": 0,
    "effet": "guaranteed_draw · ARCH_095",
    "famille": "globale",
    "id": "MAGIC_007",
    "nom": "Feu ardent",
  },
  {
    "change": {
      "garanties": "[] → ["—:ARCH_093:—"]",
    },
    "cible": "—",
    "contrecoup": 0,
    "effet": "guaranteed_draw · ARCH_093",
    "famille": "globale",
    "id": "MAGIC_009",
    "nom": "Recherche de fossiles",
  },
  {
    "change": {
      "board": "["DECK_T1 · 0,0 · pv 50/100 · atq 10 · dep 50 · vit 50 · por 2 · bcl 0 · pouvoir —:—:—:—","DECK_POUVOIR · 1,0 · pv 100/200 · atq 20 · dep 50 · vit 50 · por 3 · bcl 0 · pouvoir POWER_HEAL:40:—:—","DECK_FUSION · 2,0 · pv 150/300 · atq 40 · dep 50 · vit 50 · por 1 · bcl 0 · pouvoir —:—:—:—"] → ["DECK_T1 · 0,0 · pv 50/100 · atq 10 · dep 50 · vit 50 · por 4 · bcl 0 · pouvoir —:—:—:—","DECK_POUVOIR · 1,0 · pv 100/200 · atq 20 · dep 50 · vit 50 · por 3 · bcl 0 · pouvoir POWER_HEAL:40:—:—","DECK_FUSION · 2,0 · pv 150/300 · atq 40 · dep 50 · vit 50 · por 1 · bcl 0 · pouvoir —:—:—:—"]",
    },
    "cible": "DECK_T1",
    "contrecoup": 0,
    "effet": "stat_bonus · range · 2",
    "famille": "unité",
    "id": "MAGIC_010",
    "nom": "Longue vue",
  },
  {
    "change": {
      "pv_joueur": "700 → 800",
    },
    "cible": "—",
    "contrecoup": 0,
    "effet": "player_hp_bonus · 100",
    "famille": "globale",
    "id": "MAGIC_011",
    "nom": "Médicament bleu",
  },
  {
    "change": {
      "board": "["DECK_T1 · 0,0 · pv 50/100 · atq 10 · dep 50 · vit 50 · por 2 · bcl 0 · pouvoir —:—:—:—","DECK_POUVOIR · 1,0 · pv 100/200 · atq 20 · dep 50 · vit 50 · por 3 · bcl 0 · pouvoir POWER_HEAL:40:—:—","DECK_FUSION · 2,0 · pv 150/300 · atq 40 · dep 50 · vit 50 · por 1 · bcl 0 · pouvoir —:—:—:—"] → ["DECK_T1 · 0,0 · pv 50/100 · atq 10 · dep 50 · vit 57 · por 2 · bcl 0 · pouvoir —:—:—:—","DECK_POUVOIR · 1,0 · pv 100/200 · atq 20 · dep 50 · vit 50 · por 3 · bcl 0 · pouvoir POWER_HEAL:40:—:—","DECK_FUSION · 2,0 · pv 150/300 · atq 40 · dep 50 · vit 50 · por 1 · bcl 0 · pouvoir —:—:—:—"]",
    },
    "cible": "DECK_T1",
    "contrecoup": 0,
    "effet": "stat_bonus · attack_rate · 7",
    "famille": "unité",
    "id": "MAGIC_012",
    "nom": "Raigeki",
  },
  {
    "change": {
      "board": "["DECK_T1 · 0,0 · pv 50/100 · atq 10 · dep 50 · vit 50 · por 2 · bcl 0 · pouvoir —:—:—:—","DECK_POUVOIR · 1,0 · pv 100/200 · atq 20 · dep 50 · vit 50 · por 3 · bcl 0 · pouvoir POWER_HEAL:40:—:—","DECK_FUSION · 2,0 · pv 150/300 · atq 40 · dep 50 · vit 50 · por 1 · bcl 0 · pouvoir —:—:—:—"] → ["DECK_T1 · 0,0 · pv 50/100 · atq 10 · dep 57 · vit 50 · por 2 · bcl 0 · pouvoir —:—:—:—","DECK_POUVOIR · 1,0 · pv 100/200 · atq 20 · dep 50 · vit 50 · por 3 · bcl 0 · pouvoir POWER_HEAL:40:—:—","DECK_FUSION · 2,0 · pv 150/300 · atq 40 · dep 50 · vit 50 · por 1 · bcl 0 · pouvoir —:—:—:—"]",
    },
    "cible": "DECK_T1",
    "contrecoup": 0,
    "effet": "stat_bonus · movement_rate · 7",
    "famille": "unité",
    "id": "MAGIC_013",
    "nom": "Godspeed",
  },
  {
    "change": {
      "slots": "5 → 6",
    },
    "cible": "—",
    "contrecoup": 0,
    "effet": "board_slot_bonus · 1",
    "famille": "globale",
    "id": "MAGIE_014",
    "nom": "Réaction en chaîne",
  },
  {
    "change": {
      "board": "["DECK_T1 · 0,0 · pv 50/100 · atq 10 · dep 50 · vit 50 · por 2 · bcl 0 · pouvoir —:—:—:—","DECK_POUVOIR · 1,0 · pv 100/200 · atq 20 · dep 50 · vit 50 · por 3 · bcl 0 · pouvoir POWER_HEAL:40:—:—","DECK_FUSION · 2,0 · pv 150/300 · atq 40 · dep 50 · vit 50 · por 1 · bcl 0 · pouvoir —:—:—:—"] → ["DECK_T1 · 0,0 · pv 50/100 · atq 10 · dep 50 · vit 50 · por 2 · bcl 0 · pouvoir —:—:—:—","DECK_POUVOIR · 1,0 · pv 100/200 · atq 20 · dep 50 · vit 50 · por 3 · bcl 0 · pouvoir POWER_HEAL:40:—:—","DECK_T1 · 2,0 · pv 100/100 · atq 10 · dep 50 · vit 50 · por 2 · bcl 0 · pouvoir —:—:—:—","DECK_T2 · 3,0 · pv 200/200 · atq 20 · dep 50 · vit 50 · por 2 · bcl 0 · pouvoir —:—:—:—"]",
    },
    "cible": "DECK_FUSION",
    "contrecoup": 0,
    "effet": "defuse_fusion",
    "famille": "unité",
    "id": "MAGIE_015",
    "nom": "Fission",
  },
  {
    "change": {
      "main": "["DECK_FUSION[2m+DECK_T1/DECK_T2]","DECK_T2","DECK_T1","DECK_COUT_ARCH_086[2m+DECK_T1/DECK_T2]","DECK_COUT_ARCH_087[3m+DECK_T1/DECK_T2]","DECK_COUT_ARCH_088[4m+DECK_T1/DECK_T2]","DECK_COUT_ARCH_089[5m+DECK_T1/DECK_T2]","DECK_COUT_ARCH_090[6m+DECK_T1/DECK_T2]"] → ["DECK_FUSION[2m+DECK_T1/DECK_T2]","DECK_T2","DECK_T1","DECK_COUT_ARCH_086[2m+DECK_T1/DECK_T2]","DECK_COUT_ARCH_087[3m+DECK_T1/DECK_T2]","DECK_COUT_ARCH_088[4m+DECK_T1/DECK_T2]","DECK_COUT_ARCH_089[3m+DECK_T1/DECK_T2]","DECK_COUT_ARCH_090[6m+DECK_T1/DECK_T2]"]",
    },
    "cible": "DECK_COUT_ARCH_089",
    "contrecoup": 0,
    "effet": "reduce_materials · 2 · ARCH_089",
    "famille": "main",
    "id": "MAGIE_016",
    "nom": "Bourse des âmes",
  },
  {
    "change": {
      "main": "["DECK_FUSION[2m+DECK_T1/DECK_T2]","DECK_T2","DECK_T1","DECK_COUT_ARCH_086[2m+DECK_T1/DECK_T2]","DECK_COUT_ARCH_087[3m+DECK_T1/DECK_T2]","DECK_COUT_ARCH_088[4m+DECK_T1/DECK_T2]","DECK_COUT_ARCH_089[5m+DECK_T1/DECK_T2]","DECK_COUT_ARCH_090[6m+DECK_T1/DECK_T2]"] → ["DECK_FUSION[2m+DECK_T1/DECK_T2]","DECK_T2","DECK_T1","DECK_COUT_ARCH_086[2m+DECK_T1/DECK_T2]","DECK_COUT_ARCH_087[3m+DECK_T1/DECK_T2]","DECK_COUT_ARCH_088[4m+DECK_T1/DECK_T2]","DECK_COUT_ARCH_089[4m+DECK_T1/DECK_T2]","DECK_COUT_ARCH_090[6m+DECK_T1/DECK_T2]"]",
    },
    "cible": "DECK_COUT_ARCH_089",
    "contrecoup": 0,
    "effet": "reduce_materials · 1 · ARCH_089",
    "famille": "main",
    "id": "MAGIE_017",
    "nom": "Ristourne",
  },
  {
    "change": {
      "main": "["DECK_FUSION[2m+DECK_T1/DECK_T2]","DECK_T2","DECK_T1","DECK_COUT_ARCH_086[2m+DECK_T1/DECK_T2]","DECK_COUT_ARCH_087[3m+DECK_T1/DECK_T2]","DECK_COUT_ARCH_088[4m+DECK_T1/DECK_T2]","DECK_COUT_ARCH_089[5m+DECK_T1/DECK_T2]","DECK_COUT_ARCH_090[6m+DECK_T1/DECK_T2]"] → ["DECK_FUSION[2m+DECK_T1/DECK_T2]","DECK_T2","DECK_T1","DECK_COUT_ARCH_086[2m+DECK_T1/DECK_T2]","DECK_COUT_ARCH_087[3m+DECK_T1/DECK_T2]","DECK_COUT_ARCH_088[3m+DECK_T1/DECK_T2]","DECK_COUT_ARCH_089[5m+DECK_T1/DECK_T2]","DECK_COUT_ARCH_090[6m+DECK_T1/DECK_T2]"]",
    },
    "cible": "DECK_COUT_ARCH_088",
    "contrecoup": 0,
    "effet": "reduce_materials · 1 · ARCH_088",
    "famille": "main",
    "id": "MAGIE_018",
    "nom": "Force spirituel",
  },
  {
    "change": {
      "main": "["DECK_FUSION[2m+DECK_T1/DECK_T2]","DECK_T2","DECK_T1","DECK_COUT_ARCH_086[2m+DECK_T1/DECK_T2]","DECK_COUT_ARCH_087[3m+DECK_T1/DECK_T2]","DECK_COUT_ARCH_088[4m+DECK_T1/DECK_T2]","DECK_COUT_ARCH_089[5m+DECK_T1/DECK_T2]","DECK_COUT_ARCH_090[6m+DECK_T1/DECK_T2]"] → ["DECK_FUSION[2m+DECK_T1]","DECK_T2","DECK_T1","DECK_COUT_ARCH_086[2m+DECK_T1/DECK_T2]","DECK_COUT_ARCH_087[3m+DECK_T1/DECK_T2]","DECK_COUT_ARCH_088[4m+DECK_T1/DECK_T2]","DECK_COUT_ARCH_089[5m+DECK_T1/DECK_T2]","DECK_COUT_ARCH_090[6m+DECK_T1/DECK_T2]"]",
    },
    "cible": "DECK_FUSION",
    "contrecoup": 0,
    "effet": "remove_requirements · 1 · ARCH_087",
    "famille": "main",
    "id": "MAGIE_019",
    "nom": "Préparation des rites",
  },
  {
    "change": {
      "board": "["DECK_T1 · 0,0 · pv 50/100 · atq 10 · dep 50 · vit 50 · por 2 · bcl 0 · pouvoir —:—:—:—","DECK_POUVOIR · 1,0 · pv 100/200 · atq 20 · dep 50 · vit 50 · por 3 · bcl 0 · pouvoir POWER_HEAL:40:—:—","DECK_FUSION · 2,0 · pv 150/300 · atq 40 · dep 50 · vit 50 · por 1 · bcl 0 · pouvoir —:—:—:—"] → ["DECK_T1 · 0,0 · pv 100/100 · atq 10 · dep 50 · vit 50 · por 2 · bcl 0 · pouvoir —:—:—:—","DECK_POUVOIR · 1,0 · pv 200/200 · atq 20 · dep 50 · vit 50 · por 3 · bcl 0 · pouvoir POWER_HEAL:40:—:—","DECK_FUSION · 2,0 · pv 250/300 · atq 40 · dep 50 · vit 50 · por 1 · bcl 0 · pouvoir —:—:—:—"]",
    },
    "cible": "—",
    "contrecoup": 0,
    "effet": "team_heal · 100",
    "famille": "globale",
    "id": "MAGIE_021",
    "nom": "Dian Keto",
  },
  {
    "change": {
      "pioches": "0 → 1",
    },
    "cible": "—",
    "contrecoup": 0,
    "effet": "draw_bonus · 1",
    "famille": "globale",
    "id": "MAGIE_022",
    "nom": "Jarre de cupidité",
  },
  {
    "change": {
      "garanties": "[] → ["—:ARCH_092:—"]",
    },
    "cible": "—",
    "contrecoup": 0,
    "effet": "guaranteed_draw · ARCH_092",
    "famille": "globale",
    "id": "MAGIE_023",
    "nom": "Appel héroïque",
  },
  {
    "change": {
      "garanties": "[] → ["—:ARCH_094:—"]",
    },
    "cible": "—",
    "contrecoup": 0,
    "effet": "guaranteed_draw · ARCH_094",
    "famille": "globale",
    "id": "MAGIE_024",
    "nom": "Appel des ténèbres",
  },
  {
    "change": {
      "main": "["DECK_FUSION[2m+DECK_T1/DECK_T2]","DECK_T2","DECK_T1","DECK_COUT_ARCH_086[2m+DECK_T1/DECK_T2]","DECK_COUT_ARCH_087[3m+DECK_T1/DECK_T2]","DECK_COUT_ARCH_088[4m+DECK_T1/DECK_T2]","DECK_COUT_ARCH_089[5m+DECK_T1/DECK_T2]","DECK_COUT_ARCH_090[6m+DECK_T1/DECK_T2]"] → ["DECK_FUSION[2m+DECK_T1/DECK_T2]","DECK_T2","DECK_T1","DECK_COUT_ARCH_086[1m+DECK_T1]","DECK_COUT_ARCH_087[3m+DECK_T1/DECK_T2]","DECK_COUT_ARCH_088[4m+DECK_T1/DECK_T2]","DECK_COUT_ARCH_089[5m+DECK_T1/DECK_T2]","DECK_COUT_ARCH_090[6m+DECK_T1/DECK_T2]"]",
    },
    "cible": "DECK_COUT_ARCH_086",
    "contrecoup": 0,
    "effet": "reduce_materials · 1 · ARCH_086",
    "famille": "main",
    "id": "MAGIE_025",
    "nom": "Fusion instantanée",
  },
  {
    "change": {
      "cimetiere": "["DECK_T2 · — · pv 0/200 · atq 20 · dep 50 · vit 50 · por 2 · bcl 0 · pouvoir —:—:—:—"] → ["DECK_T2 · — · pv 0/200 · atq 20 · dep 50 · vit 50 · por 2 · bcl 0 · pouvoir —:—:—:—","DECK_FUSION · — · pv 300/300 · atq 40 · dep 50 · vit 50 · por 1 · bcl 0 · pouvoir —:—:—:—"]",
      "main": "["DECK_FUSION[2m+DECK_T1/DECK_T2]","DECK_T2","DECK_T1","DECK_COUT_ARCH_086[2m+DECK_T1/DECK_T2]","DECK_COUT_ARCH_087[3m+DECK_T1/DECK_T2]","DECK_COUT_ARCH_088[4m+DECK_T1/DECK_T2]","DECK_COUT_ARCH_089[5m+DECK_T1/DECK_T2]","DECK_COUT_ARCH_090[6m+DECK_T1/DECK_T2]"] → ["DECK_T2","DECK_T1","DECK_COUT_ARCH_086[2m+DECK_T1/DECK_T2]","DECK_COUT_ARCH_087[3m+DECK_T1/DECK_T2]","DECK_COUT_ARCH_088[4m+DECK_T1/DECK_T2]","DECK_COUT_ARCH_089[5m+DECK_T1/DECK_T2]","DECK_COUT_ARCH_090[6m+DECK_T1/DECK_T2]"]",
    },
    "cible": "DECK_FUSION",
    "contrecoup": 0,
    "effet": "hand_to_graveyard",
    "famille": "main",
    "id": "MAGIE_026",
    "nom": "Destruction de carte",
  },
  {
    "change": {
      "board": "["DECK_T1 · 0,0 · pv 50/100 · atq 10 · dep 50 · vit 50 · por 2 · bcl 0 · pouvoir —:—:—:—","DECK_POUVOIR · 1,0 · pv 100/200 · atq 20 · dep 50 · vit 50 · por 3 · bcl 0 · pouvoir POWER_HEAL:40:—:—","DECK_FUSION · 2,0 · pv 150/300 · atq 40 · dep 50 · vit 50 · por 1 · bcl 0 · pouvoir —:—:—:—"] → ["DECK_POUVOIR · 1,0 · pv 100/200 · atq 20 · dep 50 · vit 50 · por 3 · bcl 0 · pouvoir POWER_HEAL:40:—:—","DECK_FUSION · 2,0 · pv 150/300 · atq 40 · dep 50 · vit 50 · por 1 · bcl 0 · pouvoir —:—:—:—"]",
      "cimetiere": "["DECK_T2 · — · pv 0/200 · atq 20 · dep 50 · vit 50 · por 2 · bcl 0 · pouvoir —:—:—:—"] → ["DECK_T2 · — · pv 0/200 · atq 20 · dep 50 · vit 50 · por 2 · bcl 0 · pouvoir —:—:—:—","DECK_T1 · 0,0 · pv 50/100 · atq 10 · dep 50 · vit 50 · por 2 · bcl 0 · pouvoir —:—:—:—"]",
      "pv_joueur": "700 → 750",
    },
    "cible": "DECK_T1",
    "contrecoup": 0,
    "effet": "drain_life",
    "famille": "unité",
    "id": "MAGIE_027",
    "nom": "Absorption d’unité",
  },
  {
    "change": {
      "board": "["DECK_T1 · 0,0 · pv 50/100 · atq 10 · dep 50 · vit 50 · por 2 · bcl 0 · pouvoir —:—:—:—","DECK_POUVOIR · 1,0 · pv 100/200 · atq 20 · dep 50 · vit 50 · por 3 · bcl 0 · pouvoir POWER_HEAL:40:—:—","DECK_FUSION · 2,0 · pv 150/300 · atq 40 · dep 50 · vit 50 · por 1 · bcl 0 · pouvoir —:—:—:—"] → ["DECK_T1 · 0,0 · pv 50/100 · atq 25 · dep 50 · vit 50 · por 2 · bcl 0 · pouvoir —:—:—:—","DECK_POUVOIR · 1,0 · pv 100/200 · atq 20 · dep 50 · vit 50 · por 3 · bcl 0 · pouvoir POWER_HEAL:40:—:—","DECK_FUSION · 2,0 · pv 150/300 · atq 40 · dep 50 · vit 50 · por 1 · bcl 0 · pouvoir —:—:—:—"]",
    },
    "cible": "DECK_T1",
    "contrecoup": 0,
    "effet": "stat_bonus · atk · 15",
    "famille": "unité",
    "id": "MAGIE_028",
    "nom": "Épée légendaire",
  },
  {
    "change": {
      "pioches": "0 → 3",
      "pv_joueur": "700 → 500",
    },
    "cible": "—",
    "contrecoup": 200,
    "effet": "draw_bonus · 3",
    "famille": "globale",
    "id": "MAGIE_029",
    "nom": "Charité gracieuse",
  },
  {
    "change": {
      "board": "["DECK_T1 · 0,0 · pv 50/100 · atq 10 · dep 50 · vit 50 · por 2 · bcl 0 · pouvoir —:—:—:—","DECK_POUVOIR · 1,0 · pv 100/200 · atq 20 · dep 50 · vit 50 · por 3 · bcl 0 · pouvoir POWER_HEAL:40:—:—","DECK_FUSION · 2,0 · pv 150/300 · atq 40 · dep 50 · vit 50 · por 1 · bcl 0 · pouvoir —:—:—:—"] → ["DECK_T1 · 0,0 · pv 50/100 · atq 40 · dep 50 · vit 50 · por 2 · bcl 0 · pouvoir —:—:—:—","DECK_POUVOIR · 1,0 · pv 100/200 · atq 20 · dep 50 · vit 50 · por 3 · bcl 0 · pouvoir POWER_HEAL:40:—:—","DECK_FUSION · 2,0 · pv 150/300 · atq 40 · dep 50 · vit 50 · por 1 · bcl 0 · pouvoir —:—:—:—"]",
      "pv_joueur": "700 → 600",
    },
    "cible": "DECK_T1",
    "contrecoup": 100,
    "effet": "stat_bonus · atk · 30",
    "famille": "unité",
    "id": "MAGIE_030",
    "nom": "Hache du désespoir",
  },
  {
    "change": {
      "board": "["DECK_T1 · 0,0 · pv 50/100 · atq 10 · dep 50 · vit 50 · por 2 · bcl 0 · pouvoir —:—:—:—","DECK_POUVOIR · 1,0 · pv 100/200 · atq 20 · dep 50 · vit 50 · por 3 · bcl 0 · pouvoir POWER_HEAL:40:—:—","DECK_FUSION · 2,0 · pv 150/300 · atq 40 · dep 50 · vit 50 · por 1 · bcl 0 · pouvoir —:—:—:—"] → ["DECK_T1 · 0,0 · pv 100/100 · atq 10 · dep 50 · vit 50 · por 2 · bcl 0 · pouvoir —:—:—:—","DECK_POUVOIR · 1,0 · pv 100/200 · atq 20 · dep 50 · vit 50 · por 3 · bcl 0 · pouvoir POWER_HEAL:40:—:—","DECK_FUSION · 2,0 · pv 150/300 · atq 40 · dep 50 · vit 50 · por 1 · bcl 0 · pouvoir —:—:—:—"]",
    },
    "cible": "DECK_T1",
    "contrecoup": 0,
    "effet": "heal",
    "famille": "unité",
    "id": "MAGIE_031",
    "nom": "Soin de l’âme",
  },
  {
    "change": {
      "board": "["DECK_T1 · 0,0 · pv 50/100 · atq 10 · dep 50 · vit 50 · por 2 · bcl 0 · pouvoir —:—:—:—","DECK_POUVOIR · 1,0 · pv 100/200 · atq 20 · dep 50 · vit 50 · por 3 · bcl 0 · pouvoir POWER_HEAL:40:—:—","DECK_FUSION · 2,0 · pv 150/300 · atq 40 · dep 50 · vit 50 · por 1 · bcl 0 · pouvoir —:—:—:—"] → ["DECK_T1 · 0,0 · pv 50/100 · atq 10 · dep 50 · vit 50 · por 2 · bcl 100 · pouvoir —:—:—:—","DECK_POUVOIR · 1,0 · pv 100/200 · atq 20 · dep 50 · vit 50 · por 3 · bcl 0 · pouvoir POWER_HEAL:40:—:—","DECK_FUSION · 2,0 · pv 150/300 · atq 40 · dep 50 · vit 50 · por 1 · bcl 0 · pouvoir —:—:—:—"]",
    },
    "cible": "DECK_T1",
    "contrecoup": 0,
    "effet": "shield · 100",
    "famille": "unité",
    "id": "MAGIE_032",
    "nom": "Forteresse royale",
  },
  {
    "change": {
      "board": "["DECK_T1 · 0,0 · pv 50/100 · atq 10 · dep 50 · vit 50 · por 2 · bcl 0 · pouvoir —:—:—:—","DECK_POUVOIR · 1,0 · pv 100/200 · atq 20 · dep 50 · vit 50 · por 3 · bcl 0 · pouvoir POWER_HEAL:40:—:—","DECK_FUSION · 2,0 · pv 150/300 · atq 40 · dep 50 · vit 50 · por 1 · bcl 0 · pouvoir —:—:—:—"] → ["DECK_T1 · 0,0 · pv 50/100 · atq 10 · dep 50 · vit 50 · por 2 · bcl 0 · pouvoir POWER_POISON:23:5:—","DECK_POUVOIR · 1,0 · pv 100/200 · atq 20 · dep 50 · vit 50 · por 3 · bcl 0 · pouvoir POWER_HEAL:40:—:—","DECK_FUSION · 2,0 · pv 150/300 · atq 40 · dep 50 · vit 50 · por 1 · bcl 0 · pouvoir —:—:—:—"]",
    },
    "cible": "DECK_T1",
    "contrecoup": 0,
    "effet": "grant_power · 5 · POWER_POISON",
    "famille": "unité",
    "id": "MAGIE_033",
    "nom": "Épée empoisonnée",
  },
  {
    "change": {
      "board": "["DECK_T1 · 0,0 · pv 50/100 · atq 10 · dep 50 · vit 50 · por 2 · bcl 0 · pouvoir —:—:—:—","DECK_POUVOIR · 1,0 · pv 100/200 · atq 20 · dep 50 · vit 50 · por 3 · bcl 0 · pouvoir POWER_HEAL:40:—:—","DECK_FUSION · 2,0 · pv 150/300 · atq 40 · dep 50 · vit 50 · por 1 · bcl 0 · pouvoir —:—:—:—"] → ["DECK_T1 · 0,0 · pv 50/100 · atq 10 · dep 50 · vit 50 · por 2 · bcl 0 · pouvoir POWER_BURN:23:5:—","DECK_POUVOIR · 1,0 · pv 100/200 · atq 20 · dep 50 · vit 50 · por 3 · bcl 0 · pouvoir POWER_HEAL:40:—:—","DECK_FUSION · 2,0 · pv 150/300 · atq 40 · dep 50 · vit 50 · por 1 · bcl 0 · pouvoir —:—:—:—"]",
    },
    "cible": "DECK_T1",
    "contrecoup": 0,
    "effet": "grant_power · 5 · POWER_BURN",
    "famille": "unité",
    "id": "MAGIE_034",
    "nom": "Aura enflammée",
  },
  {
    "change": {
      "board": "["DECK_T1 · 0,0 · pv 50/100 · atq 10 · dep 50 · vit 50 · por 2 · bcl 0 · pouvoir —:—:—:—","DECK_POUVOIR · 1,0 · pv 100/200 · atq 20 · dep 50 · vit 50 · por 3 · bcl 0 · pouvoir POWER_HEAL:40:—:—","DECK_FUSION · 2,0 · pv 150/300 · atq 40 · dep 50 · vit 50 · por 1 · bcl 0 · pouvoir —:—:—:—"] → ["DECK_T1 · 0,0 · pv 50/100 · atq 10 · dep 50 · vit 50 · por 2 · bcl 0 · pouvoir POWER_TAUNT:23:—:77","DECK_POUVOIR · 1,0 · pv 100/200 · atq 20 · dep 50 · vit 50 · por 3 · bcl 0 · pouvoir POWER_HEAL:40:—:—","DECK_FUSION · 2,0 · pv 150/300 · atq 40 · dep 50 · vit 50 · por 1 · bcl 0 · pouvoir —:—:—:—"]",
    },
    "cible": "DECK_T1",
    "contrecoup": 0,
    "effet": "grant_power · POWER_TAUNT",
    "famille": "unité",
    "id": "MAGIE_035",
    "nom": "Hurlement sauvage",
  },
  {
    "change": {
      "garanties": "[] → ["—:ARCH_086:—"]",
    },
    "cible": "—",
    "contrecoup": 0,
    "effet": "guaranteed_draw · ARCH_086",
    "famille": "globale",
    "id": "MAGIE_036",
    "nom": "Super polymerisation",
  },
  {
    "change": {
      "garanties": "[] → ["—:ARCH_087:—"]",
    },
    "cible": "—",
    "contrecoup": 0,
    "effet": "guaranteed_draw · ARCH_087",
    "famille": "globale",
    "id": "MAGIE_037",
    "nom": "Préparation des rites",
  },
  {
    "change": {
      "garanties": "[] → ["—:ARCH_088:—"]",
    },
    "cible": "—",
    "contrecoup": 0,
    "effet": "guaranteed_draw · ARCH_088",
    "famille": "globale",
    "id": "MAGIE_038",
    "nom": "Métamorphose",
  },
  {
    "change": {
      "garanties": "[] → ["—:ARCH_089:—"]",
    },
    "cible": "—",
    "contrecoup": 0,
    "effet": "guaranteed_draw · ARCH_089",
    "famille": "globale",
    "id": "MAGIE_039",
    "nom": "Sacrifice royal",
  },
  {
    "change": {
      "garanties": "[] → ["—:ARCH_090:—"]",
    },
    "cible": "—",
    "contrecoup": 0,
    "effet": "guaranteed_draw · ARCH_090",
    "famille": "globale",
    "id": "MAGIE_040",
    "nom": "Pioche de défense",
  },
  {
    "change": {
      "board": "["DECK_T1 · 0,0 · pv 50/100 · atq 10 · dep 50 · vit 50 · por 2 · bcl 0 · pouvoir —:—:—:—","DECK_POUVOIR · 1,0 · pv 100/200 · atq 20 · dep 50 · vit 50 · por 3 · bcl 0 · pouvoir POWER_HEAL:40:—:—","DECK_FUSION · 2,0 · pv 150/300 · atq 40 · dep 50 · vit 50 · por 1 · bcl 0 · pouvoir —:—:—:—"] → ["DECK_T1 · 0,0 · pv 50/100 · atq 10 · dep 50 · vit 50 · por 2 · bcl 0 · pouvoir POWER_PARALYSIS:50:—:50","DECK_POUVOIR · 1,0 · pv 100/200 · atq 20 · dep 50 · vit 50 · por 3 · bcl 0 · pouvoir POWER_HEAL:40:—:—","DECK_FUSION · 2,0 · pv 150/300 · atq 40 · dep 50 · vit 50 · por 1 · bcl 0 · pouvoir —:—:—:—"]",
    },
    "cible": "DECK_T1",
    "contrecoup": 0,
    "effet": "grant_power · POWER_PARALYSIS",
    "famille": "unité",
    "id": "MAGIE_041",
    "nom": "Épée du tonnerre",
  },
  {
    "change": {
      "board": "["DECK_T1 · 0,0 · pv 50/100 · atq 10 · dep 50 · vit 50 · por 2 · bcl 0 · pouvoir —:—:—:—","DECK_POUVOIR · 1,0 · pv 100/200 · atq 20 · dep 50 · vit 50 · por 3 · bcl 0 · pouvoir POWER_HEAL:40:—:—","DECK_FUSION · 2,0 · pv 150/300 · atq 40 · dep 50 · vit 50 · por 1 · bcl 0 · pouvoir —:—:—:—"] → ["DECK_T1 · 0,0 · pv 50/100 · atq 10 · dep 50 · vit 50 · por 2 · bcl 0 · pouvoir POWER_PUSH:50:3:—","DECK_POUVOIR · 1,0 · pv 100/200 · atq 20 · dep 50 · vit 50 · por 3 · bcl 0 · pouvoir POWER_HEAL:40:—:—","DECK_FUSION · 2,0 · pv 150/300 · atq 40 · dep 50 · vit 50 · por 1 · bcl 0 · pouvoir —:—:—:—"]",
    },
    "cible": "DECK_T1",
    "contrecoup": 0,
    "effet": "grant_power · 3 · POWER_PUSH",
    "famille": "unité",
    "id": "MAGIE_042",
    "nom": "Corne de l’unicorne",
  },
  {
    "change": {
      "board": "["DECK_T1 · 0,0 · pv 50/100 · atq 10 · dep 50 · vit 50 · por 2 · bcl 0 · pouvoir —:—:—:—","DECK_POUVOIR · 1,0 · pv 100/200 · atq 20 · dep 50 · vit 50 · por 3 · bcl 0 · pouvoir POWER_HEAL:40:—:—","DECK_FUSION · 2,0 · pv 150/300 · atq 40 · dep 50 · vit 50 · por 1 · bcl 0 · pouvoir —:—:—:—"] → ["DECK_T1 · 0,0 · pv 50/100 · atq 10 · dep 50 · vit 50 · por 2 · bcl 0 · pouvoir —:—:—:—","DECK_POUVOIR · 1,0 · pv 100/200 · atq 20 · dep 50 · vit 50 · por 3 · bcl 0 · pouvoir POWER_HEAL:40:—:—","DECK_FUSION · 2,0 · pv 150/300 · atq 40 · dep 50 · vit 50 · por 1 · bcl 0 · pouvoir —:—:—:—","DECK_T2 · 3,0 · pv 100/200 · atq 20 · dep 50 · vit 50 · por 2 · bcl 0 · pouvoir —:—:—:—"]",
      "cimetiere": "["DECK_T2 · — · pv 0/200 · atq 20 · dep 50 · vit 50 · por 2 · bcl 0 · pouvoir —:—:—:—"] → []",
      "pv_joueur": "700 → 650",
    },
    "cible": "DECK_T2",
    "contrecoup": 50,
    "effet": "revive · 50",
    "famille": "cimetière",
    "id": "MAGIE_043",
    "nom": "Enterrement prématuré",
  },
  {
    "change": {
      "board": "["DECK_T1 · 0,0 · pv 50/100 · atq 10 · dep 50 · vit 50 · por 2 · bcl 0 · pouvoir —:—:—:—","DECK_POUVOIR · 1,0 · pv 100/200 · atq 20 · dep 50 · vit 50 · por 3 · bcl 0 · pouvoir POWER_HEAL:40:—:—","DECK_FUSION · 2,0 · pv 150/300 · atq 40 · dep 50 · vit 50 · por 1 · bcl 0 · pouvoir —:—:—:—"] → ["DECK_T1 · 0,0 · pv 80/130 · atq 10 · dep 50 · vit 50 · por 2 · bcl 0 · pouvoir —:—:—:—","DECK_POUVOIR · 1,0 · pv 130/230 · atq 20 · dep 50 · vit 50 · por 3 · bcl 0 · pouvoir POWER_HEAL:40:—:—","DECK_FUSION · 2,0 · pv 180/330 · atq 40 · dep 50 · vit 50 · por 1 · bcl 0 · pouvoir —:—:—:—"]",
    },
    "cible": "—",
    "contrecoup": 0,
    "effet": "team_stat_bonus · hp · 30",
    "famille": "globale",
    "id": "MAGIE_044",
    "nom": "Épée de révélation de la lumière",
  },
  {
    "change": {
      "board": "["DECK_T1 · 0,0 · pv 50/100 · atq 10 · dep 50 · vit 50 · por 2 · bcl 0 · pouvoir —:—:—:—","DECK_POUVOIR · 1,0 · pv 100/200 · atq 20 · dep 50 · vit 50 · por 3 · bcl 0 · pouvoir POWER_HEAL:40:—:—","DECK_FUSION · 2,0 · pv 150/300 · atq 40 · dep 50 · vit 50 · por 1 · bcl 0 · pouvoir —:—:—:—"] → ["DECK_T1 · 0,0 · pv 50/100 · atq 10 · dep 50 · vit 50 · por 2 · bcl 0 · pouvoir POWER_AOE_ATTACK:50:50:—","DECK_POUVOIR · 1,0 · pv 100/200 · atq 20 · dep 50 · vit 50 · por 3 · bcl 0 · pouvoir POWER_HEAL:40:—:—","DECK_FUSION · 2,0 · pv 150/300 · atq 40 · dep 50 · vit 50 · por 1 · bcl 0 · pouvoir —:—:—:—"]",
    },
    "cible": "DECK_T1",
    "contrecoup": 0,
    "effet": "grant_power · 50 · POWER_AOE_ATTACK",
    "famille": "unité",
    "id": "MAGIE_045",
    "nom": "Force miroir",
  },
  {
    "change": {
      "main": "["DECK_FUSION[2m+DECK_T1/DECK_T2]","DECK_T2","DECK_T1","DECK_COUT_ARCH_086[2m+DECK_T1/DECK_T2]","DECK_COUT_ARCH_087[3m+DECK_T1/DECK_T2]","DECK_COUT_ARCH_088[4m+DECK_T1/DECK_T2]","DECK_COUT_ARCH_089[5m+DECK_T1/DECK_T2]","DECK_COUT_ARCH_090[6m+DECK_T1/DECK_T2]"] → ["DECK_FUSION[2m+DECK_T1/DECK_T2]","DECK_T2","DECK_T1","DECK_COUT_ARCH_086[2m+DECK_T1/DECK_T2]","DECK_COUT_ARCH_087[3m+DECK_T1/DECK_T2]","DECK_COUT_ARCH_088[4m+DECK_T1/DECK_T2]","DECK_COUT_ARCH_089[5m+DECK_T1/DECK_T2]","DECK_COUT_ARCH_090[6m+DECK_T1/DECK_T2]","DECK_T1"]",
    },
    "cible": "DECK_T1",
    "contrecoup": 0,
    "effet": "duplicate_unit · 1",
    "famille": "unité",
    "id": "MAGIE_046",
    "nom": "Doppleganger",
  },
  {
    "change": {
      "main": "["DECK_FUSION[2m+DECK_T1/DECK_T2]","DECK_T2","DECK_T1","DECK_COUT_ARCH_086[2m+DECK_T1/DECK_T2]","DECK_COUT_ARCH_087[3m+DECK_T1/DECK_T2]","DECK_COUT_ARCH_088[4m+DECK_T1/DECK_T2]","DECK_COUT_ARCH_089[5m+DECK_T1/DECK_T2]","DECK_COUT_ARCH_090[6m+DECK_T1/DECK_T2]"] → ["DECK_FUSION[2m+DECK_T1/DECK_T2]","DECK_T2","DECK_T1","DECK_COUT_ARCH_086[2m+DECK_T1/DECK_T2]","DECK_COUT_ARCH_087[3m+DECK_T1/DECK_T2]","DECK_COUT_ARCH_088[4m+DECK_T1/DECK_T2]","DECK_COUT_ARCH_089[5m+DECK_T1/DECK_T2]","DECK_COUT_ARCH_090[6m+DECK_T1/DECK_T2]","DECK_FUSION[2m+DECK_T1/DECK_T2]"]",
    },
    "cible": "DECK_FUSION",
    "contrecoup": 0,
    "effet": "duplicate_card · 1",
    "famille": "main",
    "id": "MAGIE_047",
    "nom": "Multiplication",
  },
  {
    "change": {
      "main": "["DECK_FUSION[2m+DECK_T1/DECK_T2]","DECK_T2","DECK_T1","DECK_COUT_ARCH_086[2m+DECK_T1/DECK_T2]","DECK_COUT_ARCH_087[3m+DECK_T1/DECK_T2]","DECK_COUT_ARCH_088[4m+DECK_T1/DECK_T2]","DECK_COUT_ARCH_089[5m+DECK_T1/DECK_T2]","DECK_COUT_ARCH_090[6m+DECK_T1/DECK_T2]"] → ["DECK_FUSION[2m+DECK_T1/DECK_T2]","DECK_T2","DECK_T1","DECK_COUT_ARCH_086[2m+DECK_T1/DECK_T2]","DECK_COUT_ARCH_087[3m+DECK_T1/DECK_T2]","DECK_COUT_ARCH_088[4m+DECK_T1/DECK_T2]","DECK_COUT_ARCH_089[5m+DECK_T1/DECK_T2]","DECK_COUT_ARCH_090[6m+DECK_T1/DECK_T2]","DECK_T2"]",
    },
    "cible": "DECK_T2",
    "contrecoup": 0,
    "effet": "duplicate_graveyard_unit · 1",
    "famille": "cimetière",
    "id": "MAGIE_048",
    "nom": "Réincarnation de monstre",
  },
  {
    "change": {
      "board": "["DECK_T1 · 0,0 · pv 50/100 · atq 10 · dep 50 · vit 50 · por 2 · bcl 0 · pouvoir —:—:—:—","DECK_POUVOIR · 1,0 · pv 100/200 · atq 20 · dep 50 · vit 50 · por 3 · bcl 0 · pouvoir POWER_HEAL:40:—:—","DECK_FUSION · 2,0 · pv 150/300 · atq 40 · dep 50 · vit 50 · por 1 · bcl 0 · pouvoir —:—:—:—"] → ["DECK_T1 · 0,0 · pv 50/100 · atq 10 · dep 50 · vit 50 · por 2 · bcl 0 · pouvoir —:—:—:—","DECK_POUVOIR · 1,0 · pv 100/200 · atq 20 · dep 50 · vit 50 · por 3 · bcl 0 · pouvoir POWER_HEAL:71:—:—","DECK_FUSION · 2,0 · pv 150/300 · atq 40 · dep 50 · vit 50 · por 1 · bcl 0 · pouvoir —:—:—:—"]",
    },
    "cible": "DECK_POUVOIR",
    "contrecoup": 0,
    "effet": "power_cooldown · 2",
    "famille": "unité",
    "id": "MAGIE_049",
    "nom": "Accélérateur",
  },
  {
    "change": {
      "board": "["DECK_T1 · 0,0 · pv 50/100 · atq 10 · dep 50 · vit 50 · por 2 · bcl 0 · pouvoir —:—:—:—","DECK_POUVOIR · 1,0 · pv 100/200 · atq 20 · dep 50 · vit 50 · por 3 · bcl 0 · pouvoir POWER_HEAL:40:—:—","DECK_FUSION · 2,0 · pv 150/300 · atq 40 · dep 50 · vit 50 · por 1 · bcl 0 · pouvoir —:—:—:—"] → ["DECK_T2 · 0,0 · pv 200/200 · atq 20 · dep 50 · vit 50 · por 2 · bcl 0 · pouvoir —:—:—:—","DECK_POUVOIR · 1,0 · pv 100/200 · atq 20 · dep 50 · vit 50 · por 3 · bcl 0 · pouvoir POWER_HEAL:40:—:—","DECK_FUSION · 2,0 · pv 150/300 · atq 40 · dep 50 · vit 50 · por 1 · bcl 0 · pouvoir —:—:—:—"]",
    },
    "cible": "DECK_T1",
    "contrecoup": 0,
    "effet": "shift_tier_unit · 1",
    "famille": "unité",
    "id": "MAGIE_050",
    "nom": "Level up",
  },
  {
    "change": {
      "main": "["DECK_FUSION[2m+DECK_T1/DECK_T2]","DECK_T2","DECK_T1","DECK_COUT_ARCH_086[2m+DECK_T1/DECK_T2]","DECK_COUT_ARCH_087[3m+DECK_T1/DECK_T2]","DECK_COUT_ARCH_088[4m+DECK_T1/DECK_T2]","DECK_COUT_ARCH_089[5m+DECK_T1/DECK_T2]","DECK_COUT_ARCH_090[6m+DECK_T1/DECK_T2]"] → ["DECK_T2","DECK_T1","DECK_COUT_ARCH_086[2m+DECK_T1/DECK_T2]","DECK_COUT_ARCH_087[3m+DECK_T1/DECK_T2]","DECK_COUT_ARCH_088[4m+DECK_T1/DECK_T2]","DECK_COUT_ARCH_089[5m+DECK_T1/DECK_T2]","DECK_COUT_ARCH_090[6m+DECK_T1/DECK_T2]"]",
      "pv_joueur": "700 → 1000",
    },
    "cible": "DECK_FUSION",
    "contrecoup": 0,
    "effet": "sacrifice_card_hp · 0",
    "famille": "main",
    "id": "MAGIE_051",
    "nom": "Absorption de carte",
  },
  {
    "change": {
      "main": "["DECK_FUSION[2m+DECK_T1/DECK_T2]","DECK_T2","DECK_T1","DECK_COUT_ARCH_086[2m+DECK_T1/DECK_T2]","DECK_COUT_ARCH_087[3m+DECK_T1/DECK_T2]","DECK_COUT_ARCH_088[4m+DECK_T1/DECK_T2]","DECK_COUT_ARCH_089[5m+DECK_T1/DECK_T2]","DECK_COUT_ARCH_090[6m+DECK_T1/DECK_T2]"] → ["DECK_FUSION[2m+DECK_T1/DECK_T2]","DECK_T2","DECK_T1","DECK_COUT_ARCH_086[2m+DECK_T1/DECK_T2]","DECK_COUT_ARCH_087[3m+DECK_T1/DECK_T2]","DECK_COUT_ARCH_088[4m+DECK_T1/DECK_T2]","DECK_COUT_ARCH_089[5m+DECK_T1/DECK_T2]","DECK_COUT_ARCH_090[6m+DECK_T1/DECK_T2]","DECK_T2"]",
      "pv_joueur": "700 → 650",
    },
    "cible": "DECK_FUSION",
    "contrecoup": 50,
    "effet": "draw_material",
    "famille": "main",
    "id": "MAGIE_052",
    "nom": "Un héros arrive",
  },
  {
    "change": {
      "board": "["DECK_T1 · 0,0 · pv 50/100 · atq 10 · dep 50 · vit 50 · por 2 · bcl 0 · pouvoir —:—:—:—","DECK_POUVOIR · 1,0 · pv 100/200 · atq 20 · dep 50 · vit 50 · por 3 · bcl 0 · pouvoir POWER_HEAL:40:—:—","DECK_FUSION · 2,0 · pv 150/300 · atq 40 · dep 50 · vit 50 · por 1 · bcl 0 · pouvoir —:—:—:—"] → ["DECK_T1 · 0,0 · pv 50/100 · atq 10 · dep 50 · vit 50 · por 2 · bcl 0 · pouvoir —:—:—:—","DECK_POUVOIR · 1,0 · pv 100/200 · atq 20 · dep 50 · vit 50 · por 3 · bcl 0 · pouvoir POWER_HEAL:40:—:—","DECK_T2 · 2,0 · pv 200/200 · atq 20 · dep 50 · vit 50 · por 2 · bcl 0 · pouvoir —:—:—:—"]",
    },
    "cible": "DECK_FUSION",
    "contrecoup": 0,
    "effet": "shift_tier_unit · -1",
    "famille": "unité",
    "id": "MAGIE_053",
    "nom": "Level down",
  },
]
`;
